<?xml version="1.0" encoding="UTF-8"?>
<Layout xmlns="http://soap.sforce.com/2006/04/metadata">
  <emailDefault>false</emailDefault>
  <headers>PersonalTagging</headers>
  <headers>PublicTagging</headers>
  <layoutSections>
    <customLabel>false</customLabel>
    <detailHeading>false</detailHeading>
    <editHeading>true</editHeading>
    <label>Test Section</label>
    <layoutColumns>
<layoutItems><behavior>Edit</behavior><field>OwnerId</field></layoutItems>
<layoutItems><behavior>Required</behavior><field>Name</field></layoutItems>
    </layoutColumns>
    <layoutColumns>
<layoutItems><behavior>Edit</behavior><field>Rating</field></layoutItems>
<layoutItems><behavior>Edit</behavior><field>Phone</field></layoutItems>
    </layoutColumns>
    <style>TwoColumnsTopToBottom</style>
  </layoutSections>
  <layoutSections>
    <customLabel>false</customLabel>
    <detailHeading>false</detailHeading>
    <editHeading>true</editHeading>
    <label>Address Information</label>
    <layoutColumns>
<layoutItems><behavior>Edit</behavior><field>BillingAddress</field></layoutItems>
    </layoutColumns>
    <layoutColumns>
<layoutItems><behavior>Edit</behavior><field>ShippingAddress</field></layoutItems>
    </layoutColumns>
    <style>TwoColumnsTopToBottom</style>
  </layoutSections>
  <quickActionList>
<quickActionListItems><quickActionName>FeedItem.TextPost</quickActionName></quickActionListItems>
<quickActionListItems><quickActionName>FeedItem.ContentPost</quickActionName></quickActionListItems>
<quickActionListItems><quickActionName>NewTask</quickActionName></quickActionListItems>
  </quickActionList>
</Layout>
